// Jest Snapshot v1, https://goo.gl/fbAQLP

exports[`It should render input correctly 1`] = `
<div
  className="display"
>
  <div
    className="display-result"
  >
     
     
  </div>
  <div
    className="display-numbers"
    id="display"
  />
</div>
`;

exports[`It should render result correctly 1`] = `
<div
  className="display"
>
  <div
    className="display-result"
  >
     
     
  </div>
  <div
    className="display-numbers"
    id="display"
  />
</div>
`;

exports[`It should render the empty Display correctly 1`] = `
<div
  className="display"
>
  <div
    className="display-result"
  >
     
     
  </div>
  <div
    className="display-numbers"
    id="display"
  />
</div>
`;
